2025-05-09 23:44:04.721 [INFO] [restartedMain] [c.g.aigroove.AigrooveApplication] - Starting AigrooveApplication using Java 17.0.15 with PID 12236 (C:\dev\AIGroove_api\aigroove\bin\main started by 문유신 in C:\dev\AIGroove_api\aigroove)
2025-05-09 23:44:04.723 [INFO] [restartedMain] [c.g.aigroove.AigrooveApplication] - No active profile set, falling back to 1 default profile: "default"
2025-05-09 23:44:04.800 [INFO] [restartedMain] [o.s.b.d.e.DevToolsPropertyDefaultsPostProcessor] - Devtools property defaults active! Set 'spring.devtools.add-properties' to 'false' to disable
2025-05-09 23:44:04.801 [INFO] [restartedMain] [o.s.b.d.e.DevToolsPropertyDefaultsPostProcessor] - For additional web related logging consider setting the 'logging.level.web' property to 'DEBUG'
2025-05-09 23:44:06.538 [INFO] [restartedMain] [o.s.d.r.c.RepositoryConfigurationDelegate] - Bootstrapping Spring Data JPA repositories in DEFAULT mode.
2025-05-09 23:44:06.714 [INFO] [restartedMain] [o.s.d.r.c.RepositoryConfigurationDelegate] - Finished Spring Data repository scanning in 158 ms. Found 11 JPA repository interfaces.
2025-05-09 23:44:07.952 [INFO] [restartedMain] [o.s.b.w.e.tomcat.TomcatWebServer] - Tomcat initialized with port 8080 (http)
2025-05-09 23:44:07.972 [INFO] [restartedMain] [o.a.coyote.http11.Http11NioProtocol] - Initializing ProtocolHandler ["http-nio-8080"]
2025-05-09 23:44:07.975 [INFO] [restartedMain] [o.a.catalina.core.StandardService] - Starting service [Tomcat]
2025-05-09 23:44:07.976 [INFO] [restartedMain] [o.a.catalina.core.StandardEngine] - Starting Servlet engine: [Apache Tomcat/10.1.39]
2025-05-09 23:44:08.082 [INFO] [restartedMain] [o.a.c.c.C.[Tomcat].[localhost].[/]] - Initializing Spring embedded WebApplicationContext
2025-05-09 23:44:08.083 [INFO] [restartedMain] [o.s.b.w.s.c.ServletWebServerApplicationContext] - Root WebApplicationContext: initialization completed in 3281 ms
2025-05-09 23:44:08.317 [INFO] [restartedMain] [o.h.jpa.internal.util.LogHelper] - HHH000204: Processing PersistenceUnitInfo [name: default]
2025-05-09 23:44:08.456 [INFO] [restartedMain] [org.hibernate.Version] - HHH000412: Hibernate ORM core version 6.6.11.Final
2025-05-09 23:44:08.527 [INFO] [restartedMain] [o.h.c.i.RegionFactoryInitiator] - HHH000026: Second-level cache disabled
2025-05-09 23:44:09.120 [INFO] [restartedMain] [o.s.o.j.p.SpringPersistenceUnitInfo] - No LoadTimeWeaver setup: ignoring JPA class transformer
2025-05-09 23:44:09.172 [INFO] [restartedMain] [com.zaxxer.hikari.HikariDataSource] - HikariPool-1 - Starting...
2025-05-09 23:44:09.259 [INFO] [restartedMain] [com.zaxxer.hikari.pool.HikariPool] - HikariPool-1 - Added connection org.mariadb.jdbc.MariaDbConnection@45c4e29c
2025-05-09 23:44:09.262 [INFO] [restartedMain] [com.zaxxer.hikari.HikariDataSource] - HikariPool-1 - Start completed.
2025-05-09 23:44:09.354 [INFO] [restartedMain] [o.hibernate.orm.connections.pooling] - HHH10001005: Database info:
	Database JDBC URL [Connecting through datasource 'HikariDataSource (HikariPool-1)']
	Database driver: undefined/unknown
	Database version: 11.7.2
	Autocommit mode: undefined/unknown
	Isolation level: undefined/unknown
	Minimum pool size: undefined/unknown
	Maximum pool size: undefined/unknown
2025-05-09 23:44:10.692 [INFO] [restartedMain] [o.h.e.t.j.p.i.JtaPlatformInitiator] - HHH000489: No JTA platform available (set 'hibernate.transaction.jta.platform' to enable JTA platform integration)
2025-05-09 23:44:10.793 [INFO] [restartedMain] [o.s.o.j.LocalContainerEntityManagerFactoryBean] - Initialized JPA EntityManagerFactory for persistence unit 'default'
2025-05-09 23:44:11.816 [INFO] [restartedMain] [o.s.s.c.a.a.c.InitializeUserDetailsBeanManagerConfigurer$InitializeUserDetailsManagerConfigurer] - Global AuthenticationManager configured with UserDetailsService bean with name inMemoryUserDetailsManager
2025-05-09 23:44:11.957 [INFO] [restartedMain] [o.s.b.a.w.s.WelcomePageHandlerMapping] - Adding welcome page: class path resource [static/index.html]
2025-05-09 23:44:13.195 [INFO] [restartedMain] [o.s.v.b.OptionalValidatorFactoryBean] - Failed to set up a Bean Validation provider: jakarta.validation.NoProviderFoundException: Unable to create a Configuration, because no Jakarta Bean Validation provider could be found. Add a provider like Hibernate Validator (RI) to your classpath.
2025-05-09 23:44:13.698 [INFO] [restartedMain] [o.s.b.d.a.OptionalLiveReloadServer] - LiveReload server is running on port 35729
2025-05-09 23:44:13.729 [INFO] [restartedMain] [o.a.coyote.http11.Http11NioProtocol] - Starting ProtocolHandler ["http-nio-8080"]
2025-05-09 23:44:13.766 [INFO] [restartedMain] [o.s.b.w.e.tomcat.TomcatWebServer] - Tomcat started on port 8080 (http) with context path '/'
2025-05-09 23:44:13.782 [INFO] [restartedMain] [c.g.aigroove.AigrooveApplication] - Started AigrooveApplication in 9.849 seconds (process running for 10.893)
2025-05-09 23:44:57.931 [INFO] [http-nio-8080-exec-2] [o.a.c.c.C.[Tomcat].[localhost].[/]] - Initializing Spring DispatcherServlet 'dispatcherServlet'
2025-05-09 23:44:57.932 [INFO] [http-nio-8080-exec-2] [o.s.web.servlet.DispatcherServlet] - Initializing Servlet 'dispatcherServlet'
2025-05-09 23:44:57.934 [INFO] [http-nio-8080-exec-2] [o.s.web.servlet.DispatcherServlet] - Completed initialization in 2 ms
2025-05-09 23:44:59.270 [INFO] [http-nio-8080-exec-8] [o.s.api.AbstractOpenApiResource] - Init duration for springdoc-openapi is: 715 ms
2025-05-09 23:48:28.873 [INFO] [File Watcher] [o.s.b.d.a.LocalDevToolsAutoConfiguration$RestartingClassPathChangeChangedEventListener] - Restarting due to 1 class path change (0 additions, 0 deletions, 1 modification)
2025-05-09 23:48:28.878 [INFO] [Thread-5] [o.s.b.w.e.tomcat.GracefulShutdown] - Commencing graceful shutdown. Waiting for active requests to complete
2025-05-09 23:48:28.880 [INFO] [tomcat-shutdown] [o.a.coyote.http11.Http11NioProtocol] - Pausing ProtocolHandler ["http-nio-8080"]
2025-05-09 23:48:29.018 [INFO] [tomcat-shutdown] [o.s.b.w.e.tomcat.GracefulShutdown] - Graceful shutdown complete
2025-05-09 23:48:29.019 [INFO] [Thread-5] [o.a.coyote.http11.Http11NioProtocol] - Stopping ProtocolHandler ["http-nio-8080"]
2025-05-09 23:48:29.033 [INFO] [Thread-5] [o.s.o.j.LocalContainerEntityManagerFactoryBean] - Closing JPA EntityManagerFactory for persistence unit 'default'
2025-05-09 23:48:29.043 [INFO] [Thread-5] [com.zaxxer.hikari.HikariDataSource] - HikariPool-1 - Shutdown initiated...
2025-05-09 23:48:29.050 [INFO] [Thread-5] [com.zaxxer.hikari.HikariDataSource] - HikariPool-1 - Shutdown completed.
2025-05-09 23:48:29.183 [INFO] [restartedMain] [c.g.aigroove.AigrooveApplication] - Starting AigrooveApplication using Java 17.0.15 with PID 12236 (C:\dev\AIGroove_api\aigroove\bin\main started by 문유신 in C:\dev\AIGroove_api\aigroove)
2025-05-09 23:48:29.184 [INFO] [restartedMain] [c.g.aigroove.AigrooveApplication] - No active profile set, falling back to 1 default profile: "default"
2025-05-09 23:48:29.709 [INFO] [restartedMain] [o.s.d.r.c.RepositoryConfigurationDelegate] - Bootstrapping Spring Data JPA repositories in DEFAULT mode.
2025-05-09 23:48:29.772 [INFO] [restartedMain] [o.s.d.r.c.RepositoryConfigurationDelegate] - Finished Spring Data repository scanning in 61 ms. Found 11 JPA repository interfaces.
2025-05-09 23:48:29.982 [INFO] [restartedMain] [o.s.b.w.e.tomcat.TomcatWebServer] - Tomcat initialized with port 8080 (http)
2025-05-09 23:48:29.984 [INFO] [restartedMain] [o.a.coyote.http11.Http11NioProtocol] - Initializing ProtocolHandler ["http-nio-8080"]
2025-05-09 23:48:29.984 [INFO] [restartedMain] [o.a.catalina.core.StandardService] - Starting service [Tomcat]
2025-05-09 23:48:29.985 [INFO] [restartedMain] [o.a.catalina.core.StandardEngine] - Starting Servlet engine: [Apache Tomcat/10.1.39]
2025-05-09 23:48:30.031 [INFO] [restartedMain] [o.a.c.c.C.[Tomcat].[localhost].[/]] - Initializing Spring embedded WebApplicationContext
2025-05-09 23:48:30.031 [INFO] [restartedMain] [o.s.b.w.s.c.ServletWebServerApplicationContext] - Root WebApplicationContext: initialization completed in 842 ms
2025-05-09 23:48:30.100 [INFO] [restartedMain] [o.h.jpa.internal.util.LogHelper] - HHH000204: Processing PersistenceUnitInfo [name: default]
2025-05-09 23:48:30.109 [INFO] [restartedMain] [o.h.c.i.RegionFactoryInitiator] - HHH000026: Second-level cache disabled
2025-05-09 23:48:30.143 [INFO] [restartedMain] [o.s.o.j.p.SpringPersistenceUnitInfo] - No LoadTimeWeaver setup: ignoring JPA class transformer
2025-05-09 23:48:30.146 [INFO] [restartedMain] [com.zaxxer.hikari.HikariDataSource] - HikariPool-2 - Starting...
2025-05-09 23:48:30.149 [INFO] [restartedMain] [com.zaxxer.hikari.pool.HikariPool] - HikariPool-2 - Added connection org.mariadb.jdbc.MariaDbConnection@5522b683
2025-05-09 23:48:30.149 [INFO] [restartedMain] [com.zaxxer.hikari.HikariDataSource] - HikariPool-2 - Start completed.
2025-05-09 23:48:30.155 [INFO] [restartedMain] [o.hibernate.orm.connections.pooling] - HHH10001005: Database info:
	Database JDBC URL [Connecting through datasource 'HikariDataSource (HikariPool-2)']
	Database driver: undefined/unknown
	Database version: 11.7.2
	Autocommit mode: undefined/unknown
	Isolation level: undefined/unknown
	Minimum pool size: undefined/unknown
	Maximum pool size: undefined/unknown
2025-05-09 23:48:30.385 [INFO] [restartedMain] [o.h.e.t.j.p.i.JtaPlatformInitiator] - HHH000489: No JTA platform available (set 'hibernate.transaction.jta.platform' to enable JTA platform integration)
2025-05-09 23:48:30.423 [INFO] [restartedMain] [o.s.o.j.LocalContainerEntityManagerFactoryBean] - Initialized JPA EntityManagerFactory for persistence unit 'default'
2025-05-09 23:48:30.711 [INFO] [restartedMain] [o.s.s.c.a.a.c.InitializeUserDetailsBeanManagerConfigurer$InitializeUserDetailsManagerConfigurer] - Global AuthenticationManager configured with UserDetailsService bean with name inMemoryUserDetailsManager
2025-05-09 23:48:30.720 [INFO] [restartedMain] [o.s.b.a.w.s.WelcomePageHandlerMapping] - Adding welcome page: class path resource [static/index.html]
2025-05-09 23:48:31.192 [INFO] [restartedMain] [o.s.v.b.OptionalValidatorFactoryBean] - Failed to set up a Bean Validation provider: jakarta.validation.NoProviderFoundException: Unable to create a Configuration, because no Jakarta Bean Validation provider could be found. Add a provider like Hibernate Validator (RI) to your classpath.
2025-05-09 23:48:31.293 [INFO] [restartedMain] [o.s.b.d.a.OptionalLiveReloadServer] - LiveReload server is running on port 35729
2025-05-09 23:48:31.304 [INFO] [restartedMain] [o.a.coyote.http11.Http11NioProtocol] - Starting ProtocolHandler ["http-nio-8080"]
2025-05-09 23:48:31.308 [INFO] [restartedMain] [o.s.b.w.e.tomcat.TomcatWebServer] - Tomcat started on port 8080 (http) with context path '/'
2025-05-09 23:48:31.314 [INFO] [restartedMain] [c.g.aigroove.AigrooveApplication] - Started AigrooveApplication in 2.191 seconds (process running for 268.425)
2025-05-09 23:48:31.317 [INFO] [restartedMain] [o.s.b.d.a.ConditionEvaluationDeltaLoggingListener] - Condition evaluation unchanged
2025-05-09 23:48:32.809 [INFO] [http-nio-8080-exec-1] [o.a.c.c.C.[Tomcat].[localhost].[/]] - Initializing Spring DispatcherServlet 'dispatcherServlet'
2025-05-09 23:48:32.810 [INFO] [http-nio-8080-exec-1] [o.s.web.servlet.DispatcherServlet] - Initializing Servlet 'dispatcherServlet'
2025-05-09 23:48:32.812 [INFO] [http-nio-8080-exec-1] [o.s.web.servlet.DispatcherServlet] - Completed initialization in 2 ms
2025-05-09 23:48:33.348 [INFO] [http-nio-8080-exec-9] [o.s.api.AbstractOpenApiResource] - Init duration for springdoc-openapi is: 257 ms
